// Vitest Snapshot v1, https://vitest.dev/guide/snapshot.html

exports[`congelamiento v2 > snapshot exacto de una entrada conocida — una vez aprobado visualmente, no se debe editar sin subir a v3 1`] = `
{
  "branches": {
    "angleDeg": 60.593,
    "arrangement": "corona",
    "count": 4,
    "lengthRatio": 0.459,
  },
  "details": [
    "corona-radial",
  ],
  "height": 0.793,
  "leaves": {
    "count": 5,
    "density": 0.565,
    "shape": "fronda-palmeada",
    "sizeRatio": 0.306,
  },
  "orientation": {
    "leanDeg": 1.971,
  },
  "proportions": {
    "crownWidthRatio": 1.021,
    "stemHeightRatio": 0.797,
  },
  "rendererVersion": 2,
  "species": "palmera",
  "stage": "planta-joven",
  "stem": {
    "count": 1,
    "curvature": 0.248,
    "thickness": 0.111,
    "woody": true,
  },
}
`;
